main.c:118:5:main	24	static
main.c:197:6:SystemClock_Config	152	static
main.c:247:13:MX_ADC1_Init	48	static
main.c:311:13:MX_TIM1_Init	112	static
main.c:391:13:MX_USART2_UART_Init	8	static
main.c:424:13:MX_DMA_Init	16	static
main.c:442:13:MX_GPIO_Init	16	static
main.c:458:13:prepare_message	32	static
main.c:470:13:queue_message	16	static
main.c:492:26:dispatch_message_from_huart2	24	static
main.c:500:13:empty_queue	16	static
main.c:518:13:downsample_adc1_buffer	16	static
main.c:527:13:process_adc_output_codes	16	static
main.c:536:13:convert_data_to_messages_and_queue	24	static
main.c:548:6:HAL_ADC_ConvHalfCpltCallback	16	static
main.c:554:6:HAL_ADC_ConvCpltCallback	16	static
main.c:565:6:Error_Handler	4	static,ignoring_inline_asm
main.c:584:6:assert_failed	16	static
