main.c:155:5:main	24	static
main.c:244:6:SystemClock_Config	152	static
main.c:294:13:MX_ADC1_Init	48	static
main.c:358:13:MX_TIM1_Init	112	static
main.c:438:13:MX_USART2_UART_Init	8	static
main.c:473:13:MX_GPIO_Init	16	static
main.c:489:13:prepare_message	32	static
main.c:501:13:queue_message	16	static
main.c:523:26:dispatch_message_from_huart2	24	static
main.c:531:13:empty_queue	16	static
main.c:551:17:poll_adc	16	static
main.c:563:13:add_to_adc_buffer	16	static
main.c:578:13:process_adc_output_codes	16	static
main.c:591:13:convert_data_to_messages_and_queue	24	static
main.c:605:13:add_to_error_log	16	static
main.c:619:14:calculate_duty_cycle_from_error	16	static
main.c:632:6:Error_Handler	4	static,ignoring_inline_asm
main.c:651:6:assert_failed	16	static
